{"type":"table","columns":[{"text":"time","type":"time"},{"text":"values","type":"number"},{"text":"(unknown)","type":"number"},{"text":"labels","type":"string"}],"rows":[["2022-06-04T00:00:00Z",0,0,"0"],["2022-06-05T00:00:00Z",1,1,"1"],["2022-06-06T00:00:00Z",2,2,"2"],["2022-06-07T00:00:00Z",3,3,"3"],["2022-06-08T00:00:00Z",4,4,"4"],["2022-06-09T00:00:00Z",5,5,"5"],["2022-06-10T00:00:00Z",6,6,"6"],["2022-06-11T00:00:00Z",7,7,"7"],["2022-06-12T00:00:00Z",8,8,"8"],["2022-06-13T00:00:00Z",9,9,"9"]]}
