[
  {
    "target": "A",
    "datapoints": [
      [
        100,
        1577836800000
      ],
      [
        101,
        1577840400000
      ],
      [
        102,
        1577844000000
      ]
    ]
  },
  {
    "type": "table",
    "columns": [
      {
        "text": "Time",
        "type": "time"
      },
      {
        "text": "Label",
        "type": "string"
      },
      {
        "text": "Series A",
        "type": "number"
      },
      {
        "text": "Series B",
        "type": "number"
      }
    ],
    "rows": [
      [
        "2020-01-01T00:00:00Z",
        "foo",
        42,
        64.5
      ],
      [
        "2020-01-01T00:00:00Z",
        "bar",
        43,
        100
      ]
    ]
  }
]
