{
  "target": "A",
  "datapoints": [
    [
      100,
      1577836800000
    ],
    [
      101,
      1577840400000
    ],
    [
      102,
      1577844000000
    ]
  ]
}
